files: true
method: post
url: 'http://localhost/cms/entries'
