files: true
method: patch
url: 'http://localhost/cms/entries/1'
