<!DOCTYPE html PUBLIC "-//W3C//DTD HTML 4.0 Transitional//EN" "http://www.w3.org/TR/REC-html40/loose.dtd">
<html><body><form method="POST" action="http://localhost" accept-charset="UTF-8">
<input name="_token" type="hidden"><input name="entry_type" type="hidden" value="test_key"><div class="form-group">
    <label for="test_key">test_label</label>

            <input class="form-control" name="test_key" type="test_type">
</div>

            <div class="form-group">
    <label for="another_test_key">another_test_label</label>

            <input class="form-control" name="another_test_key" type="another_test_type">
</div>

    </form></body></html>
