<!DOCTYPE html PUBLIC "-//W3C//DTD HTML 4.0 Transitional//EN" "http://www.w3.org/TR/REC-html40/loose.dtd">
<html><body>
<h1>
    Create entry
</h1>

<form method="POST" action="http://localhost/cms/entries" accept-charset="UTF-8">
<input name="_token" type="hidden"><input name="entry_type" type="hidden" value="test_entry"><div class="form-group">
    <label for="test_key">test_label</label>

            <input class="form-control" name="test_key" type="test_type">
</div>

    
    <input class="btn btn-primary" type="submit" value="Submit">
</form>
</body></html>
