<!DOCTYPE html PUBLIC "-//W3C//DTD HTML 4.0 Transitional//EN" "http://www.w3.org/TR/REC-html40/loose.dtd">
<html><body><div>
            
        <div class="custom-control custom-checkbox custom-control-inline">
    <input id="test_key[0]" class="form-control custom-control-input" name="test_key[0]" type="checkbox" value="item 1"><label for="test_key[0]" class="custom-control-label">item 1</label>
</div>
            
        <div class="custom-control custom-checkbox custom-control-inline">
    <input id="test_key[1]" class="form-control custom-control-input" name="test_key[1]" type="checkbox" value="item 2"><label for="test_key[1]" class="custom-control-label">item 2</label>
</div>
            
        <div class="custom-control custom-checkbox custom-control-inline">
    <input id="test_key[2]" class="form-control custom-control-input" name="test_key[2]" type="checkbox" value="item 3"><label for="test_key[2]" class="custom-control-label">item 3</label>
</div>
    </div></body></html>
