<!DOCTYPE html PUBLIC "-//W3C//DTD HTML 4.0 Transitional//EN" "http://www.w3.org/TR/REC-html40/loose.dtd">
<html><body><div class="custom-control custom-radio custom-control-inline">
    <input id="test_key" class="form-control custom-control-input" name="test_key" type="radio" value="test_key"><label for="test_key" class="custom-control-label">test_key</label>
</div></body></html>
