<!DOCTYPE html PUBLIC "-//W3C//DTD HTML 4.0 Transitional//EN" "http://www.w3.org/TR/REC-html40/loose.dtd">
<html><body><div class="form-group">
    <label for="test_key">test_label</label>

            <input class="form-control" name="test_key" type="test_type">
</div></body></html>
