<!DOCTYPE html PUBLIC "-//W3C//DTD HTML 4.0 Transitional//EN" "http://www.w3.org/TR/REC-html40/loose.dtd">
<html><body><select id="test_key" class="form-control" name="test_key"><option value="1">test_key_value</option>
<option value="2">test_key_value</option>
<option value="3">test_key_value</option></select></body></html>
