select * from `cms_entries` where `type` = ? limit 15