<!DOCTYPE html PUBLIC "-//W3C//DTD HTML 4.0 Transitional//EN" "http://www.w3.org/TR/REC-html40/loose.dtd">
<html><body><div class="pl-3">
            <div class="form-group">
            <label for="test_key[test_key]">test_key[test_key]</label>
    
            <input id="test_key[test_key]" class="form-control" name="test_key[test_key]" type="text">
</div> 

    </div></body></html>
