<!DOCTYPE html PUBLIC "-//W3C//DTD HTML 4.0 Transitional//EN" "http://www.w3.org/TR/REC-html40/loose.dtd">
<html><body><cms-file-input id="test_key" placeholder="Choose file" value="" name="test_key"></cms-file-input></body></html>
