<!DOCTYPE html PUBLIC "-//W3C//DTD HTML 4.0 Transitional//EN" "http://www.w3.org/TR/REC-html40/loose.dtd">
<html><body><p>TODO: Validation errores

<cms-multi-file-input id="test_key[]" name="test_key" :value="[]"></cms-multi-file-input></p></body></html>
