<!DOCTYPE html PUBLIC "-//W3C//DTD HTML 4.0 Transitional//EN" "http://www.w3.org/TR/REC-html40/loose.dtd">
<html><body><cms-multi-select :list='["item 1","item 2","item 3"]' name="test_key" :value="[]" id="test_key" class=""></cms-multi-select></body></html>
