<!DOCTYPE html PUBLIC "-//W3C//DTD HTML 4.0 Transitional//EN" "http://www.w3.org/TR/REC-html40/loose.dtd">
<html><body><select id="test_key" class="form-control custom-select" name="test_key"><option value="0">item 1</option>
<option value="1">item 2</option>
<option value="2">item 3</option></select></body></html>
