<!DOCTYPE html PUBLIC "-//W3C//DTD HTML 4.0 Transitional//EN" "http://www.w3.org/TR/REC-html40/loose.dtd">
<html><body><textarea id="test_key" class="form-control" name="test_key" cols="50" rows="10"></textarea></body></html>
